// Jest Snapshot v1, https://goo.gl/fbAQLP

exports[`rotation should match snapshot for every day from 2017-01-01 to 2019-01-01 1`] = `
Object {
  "monthly-april": "2018-04-01",
  "monthly-august": "2018-08-01",
  "monthly-december": "2018-12-01",
  "monthly-february": "2018-02-01",
  "monthly-july": "2018-07-01",
  "monthly-june": "2018-06-01",
  "monthly-march": "2018-03-01",
  "monthly-may": "2018-05-01",
  "monthly-november": "2018-11-01",
  "monthly-october": "2018-10-01",
  "monthly-september": "2018-09-01",
  "weekly-friday": "2018-12-28",
  "weekly-monday": "2018-12-31",
  "weekly-saturday": "2018-12-29",
  "weekly-sunday": "2018-12-30",
  "weekly-thursday": "2018-12-27",
  "weekly-tuesday": "2018-12-25",
  "weekly-wednesday": "2018-12-26",
  "yearly-2017": "2017-01-01",
  "yearly-2018": "2018-01-01",
  "yearly-2019": "2019-01-01",
}
`;
